[     185ms] [LOG] Angular is running in development mode. @ http://localhost:4200/@fs/E:/Work/AccSoft/Frontend/.angular/cache/17.3.17/vite/deps/chunk-KHB3FGJO.js?v=3f778262:17181
[     326ms] [VERBOSE] [DOM] Input elements should have autocomplete attributes (suggested: "current-password"): (More info: https://goo.gl/9p2vKq) %o @ http://localhost:4200/login:0
[  758542ms] [LOG] Angular is running in development mode. @ http://localhost:4200/@fs/E:/Work/AccSoft/Frontend/.angular/cache/17.3.17/vite/deps/chunk-KHB3FGJO.js?v=3f778262:17181
[  758711ms] [VERBOSE] [DOM] Input elements should have autocomplete attributes (suggested: "current-password"): (More info: https://goo.gl/9p2vKq) %o @ http://localhost:4200/login:0
[  899877ms] [LOG] Angular is running in development mode. @ http://localhost:4200/@fs/E:/Work/AccSoft/Frontend/.angular/cache/17.3.17/vite/deps/chunk-KHB3FGJO.js?v=3f778262:17181
[  900021ms] [VERBOSE] [DOM] Input elements should have autocomplete attributes (suggested: "current-password"): (More info: https://goo.gl/9p2vKq) %o @ http://localhost:4200/login:0
[ 1185823ms] [LOG] Angular is running in development mode. @ http://localhost:4200/@fs/E:/Work/AccSoft/Frontend/.angular/cache/17.3.17/vite/deps/chunk-KHB3FGJO.js?v=3f778262:17181
[ 1185952ms] [VERBOSE] [DOM] Input elements should have autocomplete attributes (suggested: "current-password"): (More info: https://goo.gl/9p2vKq) %o @ http://localhost:4200/login:0
[ 1280933ms] [LOG] Angular is running in development mode. @ http://localhost:4200/@fs/E:/Work/AccSoft/Frontend/.angular/cache/17.3.17/vite/deps/chunk-KHB3FGJO.js?v=3f778262:17181
[ 1281088ms] [VERBOSE] [DOM] Input elements should have autocomplete attributes (suggested: "current-password"): (More info: https://goo.gl/9p2vKq) %o @ http://localhost:4200/login:0
[ 1514656ms] [LOG] Angular is running in development mode. @ http://localhost:4200/@fs/E:/Work/AccSoft/Frontend/.angular/cache/17.3.17/vite/deps/chunk-KHB3FGJO.js?v=3f778262:17181
[ 1514789ms] [VERBOSE] [DOM] Input elements should have autocomplete attributes (suggested: "current-password"): (More info: https://goo.gl/9p2vKq) %o @ http://localhost:4200/login:0
[ 1944835ms] [LOG] Angular is running in development mode. @ http://localhost:4200/@fs/E:/Work/AccSoft/Frontend/.angular/cache/17.3.17/vite/deps/chunk-KHB3FGJO.js?v=3f778262:17181
[ 1944979ms] [VERBOSE] [DOM] Input elements should have autocomplete attributes (suggested: "current-password"): (More info: https://goo.gl/9p2vKq) %o @ http://localhost:4200/login:0
[ 2121156ms] [LOG] Angular is running in development mode. @ http://localhost:4200/@fs/E:/Work/AccSoft/Frontend/.angular/cache/17.3.17/vite/deps/chunk-KHB3FGJO.js?v=3f778262:17181
[ 2121297ms] [VERBOSE] [DOM] Input elements should have autocomplete attributes (suggested: "current-password"): (More info: https://goo.gl/9p2vKq) %o @ http://localhost:4200/login:0
[ 2811767ms] [LOG] Angular is running in development mode. @ http://localhost:4200/@fs/E:/Work/AccSoft/Frontend/.angular/cache/17.3.17/vite/deps/chunk-KHB3FGJO.js?v=3f778262:17181
[ 2811922ms] [VERBOSE] [DOM] Input elements should have autocomplete attributes (suggested: "current-password"): (More info: https://goo.gl/9p2vKq) %o @ http://localhost:4200/login:0
[ 2819793ms] [LOG] Angular is running in development mode. @ http://localhost:4200/@fs/E:/Work/AccSoft/Frontend/.angular/cache/17.3.17/vite/deps/chunk-KHB3FGJO.js?v=3f778262:17181
[ 2819952ms] [VERBOSE] [DOM] Input elements should have autocomplete attributes (suggested: "current-password"): (More info: https://goo.gl/9p2vKq) %o @ http://localhost:4200/login:0
[ 3193196ms] [LOG] Angular is running in development mode. @ http://localhost:4200/@fs/E:/Work/AccSoft/Frontend/.angular/cache/17.3.17/vite/deps/chunk-KHB3FGJO.js?v=3f778262:17181
[ 3193347ms] [VERBOSE] [DOM] Input elements should have autocomplete attributes (suggested: "current-password"): (More info: https://goo.gl/9p2vKq) %o @ http://localhost:4200/login:0
[ 3202966ms] [LOG] Angular is running in development mode. @ http://localhost:4200/@fs/E:/Work/AccSoft/Frontend/.angular/cache/17.3.17/vite/deps/chunk-KHB3FGJO.js?v=3f778262:17181
[ 3203107ms] [VERBOSE] [DOM] Input elements should have autocomplete attributes (suggested: "current-password"): (More info: https://goo.gl/9p2vKq) %o @ http://localhost:4200/login:0
[ 3267721ms] [LOG] Angular is running in development mode. @ http://localhost:4200/@fs/E:/Work/AccSoft/Frontend/.angular/cache/17.3.17/vite/deps/chunk-KHB3FGJO.js?v=3f778262:17181
[ 3267891ms] [VERBOSE] [DOM] Input elements should have autocomplete attributes (suggested: "current-password"): (More info: https://goo.gl/9p2vKq) %o @ http://localhost:4200/login:0
[ 3938757ms] [LOG] Angular is running in development mode. @ http://localhost:4200/@fs/E:/Work/AccSoft/Frontend/.angular/cache/17.3.17/vite/deps/chunk-KHB3FGJO.js?v=3f778262:17181
[ 3938901ms] [VERBOSE] [DOM] Input elements should have autocomplete attributes (suggested: "current-password"): (More info: https://goo.gl/9p2vKq) %o @ http://localhost:4200/login:0
[ 3959413ms] [LOG] Angular is running in development mode. @ http://localhost:4200/@fs/E:/Work/AccSoft/Frontend/.angular/cache/17.3.17/vite/deps/chunk-KHB3FGJO.js?v=3f778262:17181
[ 3959549ms] [VERBOSE] [DOM] Input elements should have autocomplete attributes (suggested: "current-password"): (More info: https://goo.gl/9p2vKq) %o @ http://localhost:4200/login:0
[ 3978721ms] [LOG] Angular is running in development mode. @ http://localhost:4200/@fs/E:/Work/AccSoft/Frontend/.angular/cache/17.3.17/vite/deps/chunk-KHB3FGJO.js?v=3f778262:17181
[ 3978883ms] [VERBOSE] [DOM] Input elements should have autocomplete attributes (suggested: "current-password"): (More info: https://goo.gl/9p2vKq) %o @ http://localhost:4200/login:0
[ 3996228ms] [LOG] Angular is running in development mode. @ http://localhost:4200/@fs/E:/Work/AccSoft/Frontend/.angular/cache/17.3.17/vite/deps/chunk-KHB3FGJO.js?v=3f778262:17181
[ 3996388ms] [VERBOSE] [DOM] Input elements should have autocomplete attributes (suggested: "current-password"): (More info: https://goo.gl/9p2vKq) %o @ http://localhost:4200/login:0
[ 4015361ms] [LOG] Angular is running in development mode. @ http://localhost:4200/@fs/E:/Work/AccSoft/Frontend/.angular/cache/17.3.17/vite/deps/chunk-KHB3FGJO.js?v=3f778262:17181
[ 4015501ms] [VERBOSE] [DOM] Input elements should have autocomplete attributes (suggested: "current-password"): (More info: https://goo.gl/9p2vKq) %o @ http://localhost:4200/login:0
[ 4057892ms] [LOG] Angular is running in development mode. @ http://localhost:4200/@fs/E:/Work/AccSoft/Frontend/.angular/cache/17.3.17/vite/deps/chunk-KHB3FGJO.js?v=3f778262:17181
[ 4058037ms] [VERBOSE] [DOM] Input elements should have autocomplete attributes (suggested: "current-password"): (More info: https://goo.gl/9p2vKq) %o @ http://localhost:4200/login:0
[ 5312094ms] [LOG] Angular is running in development mode. @ http://localhost:4200/@fs/E:/Work/AccSoft/Frontend/.angular/cache/17.3.17/vite/deps/chunk-KHB3FGJO.js?v=3f778262:17181
[ 5312267ms] [VERBOSE] [DOM] Input elements should have autocomplete attributes (suggested: "current-password"): (More info: https://goo.gl/9p2vKq) %o @ http://localhost:4200/login:0
[ 5331306ms] [LOG] Angular is running in development mode. @ http://localhost:4200/@fs/E:/Work/AccSoft/Frontend/.angular/cache/17.3.17/vite/deps/chunk-KHB3FGJO.js?v=3f778262:17181
[ 5331453ms] [VERBOSE] [DOM] Input elements should have autocomplete attributes (suggested: "current-password"): (More info: https://goo.gl/9p2vKq) %o @ http://localhost:4200/login:0
[ 5354311ms] [LOG] Angular is running in development mode. @ http://localhost:4200/@fs/E:/Work/AccSoft/Frontend/.angular/cache/17.3.17/vite/deps/chunk-KHB3FGJO.js?v=3f778262:17181
[ 5354463ms] [VERBOSE] [DOM] Input elements should have autocomplete attributes (suggested: "current-password"): (More info: https://goo.gl/9p2vKq) %o @ http://localhost:4200/login:0
[ 5480315ms] [LOG] Angular is running in development mode. @ http://localhost:4200/@fs/E:/Work/AccSoft/Frontend/.angular/cache/17.3.17/vite/deps/chunk-KHB3FGJO.js?v=3f778262:17181
[ 5480451ms] [VERBOSE] [DOM] Input elements should have autocomplete attributes (suggested: "current-password"): (More info: https://goo.gl/9p2vKq) %o @ http://localhost:4200/login:0
[ 5508002ms] [LOG] Angular is running in development mode. @ http://localhost:4200/@fs/E:/Work/AccSoft/Frontend/.angular/cache/17.3.17/vite/deps/chunk-KHB3FGJO.js?v=3f778262:17181
[ 5508152ms] [VERBOSE] [DOM] Input elements should have autocomplete attributes (suggested: "current-password"): (More info: https://goo.gl/9p2vKq) %o @ http://localhost:4200/login:0
[ 5637790ms] [LOG] Angular is running in development mode. @ http://localhost:4200/@fs/E:/Work/AccSoft/Frontend/.angular/cache/17.3.17/vite/deps/chunk-KHB3FGJO.js?v=3f778262:17181
[ 5637954ms] [VERBOSE] [DOM] Input elements should have autocomplete attributes (suggested: "current-password"): (More info: https://goo.gl/9p2vKq) %o @ http://localhost:4200/login:0
[ 5762682ms] [LOG] Angular is running in development mode. @ http://localhost:4200/@fs/E:/Work/AccSoft/Frontend/.angular/cache/17.3.17/vite/deps/chunk-KHB3FGJO.js?v=3f778262:17181
[ 5762872ms] [VERBOSE] [DOM] Input elements should have autocomplete attributes (suggested: "current-password"): (More info: https://goo.gl/9p2vKq) %o @ http://localhost:4200/login:0
[ 6183150ms] [LOG] Angular is running in development mode. @ http://localhost:4200/@fs/E:/Work/AccSoft/Frontend/.angular/cache/17.3.17/vite/deps/chunk-KHB3FGJO.js?v=3f778262:17181
[ 6183345ms] [VERBOSE] [DOM] Input elements should have autocomplete attributes (suggested: "current-password"): (More info: https://goo.gl/9p2vKq) %o @ http://localhost:4200/login:0
[ 6334712ms] [LOG] Angular is running in development mode. @ http://localhost:4200/@fs/E:/Work/AccSoft/Frontend/.angular/cache/17.3.17/vite/deps/chunk-KHB3FGJO.js?v=3f778262:17181
[ 6334876ms] [VERBOSE] [DOM] Input elements should have autocomplete attributes (suggested: "current-password"): (More info: https://goo.gl/9p2vKq) %o @ http://localhost:4200/login:0
[ 6350656ms] [LOG] Angular is running in development mode. @ http://localhost:4200/@fs/E:/Work/AccSoft/Frontend/.angular/cache/17.3.17/vite/deps/chunk-KHB3FGJO.js?v=3f778262:17181
[ 6350810ms] [VERBOSE] [DOM] Input elements should have autocomplete attributes (suggested: "current-password"): (More info: https://goo.gl/9p2vKq) %o @ http://localhost:4200/login:0
[ 7103401ms] [LOG] [vite] server connection lost. Polling for restart... @ http://localhost:4200/@vite/client:553
[ 7103466ms] [ERROR] Failed to load resource: net::ERR_NETWORK_IO_SUSPENDED @ http://localhost:4200/:0
[ 8069312ms] [LOG] Angular is running in development mode. @ http://localhost:4200/@fs/E:/Work/AccSoft/Frontend/.angular/cache/17.3.17/vite/deps/chunk-KHB3FGJO.js?v=3f778262:17181
[ 8069616ms] [VERBOSE] [DOM] Input elements should have autocomplete attributes (suggested: "current-password"): (More info: https://goo.gl/9p2vKq) %o @ http://localhost:4200/login:0
[ 8373352ms] [LOG] Angular is running in development mode. @ http://localhost:4200/@fs/E:/Work/AccSoft/Frontend/.angular/cache/17.3.17/vite/deps/chunk-KHB3FGJO.js?v=3f778262:17181
[ 8373518ms] [VERBOSE] [DOM] Input elements should have autocomplete attributes (suggested: "current-password"): (More info: https://goo.gl/9p2vKq) %o @ http://localhost:4200/login:0
[ 8590373ms] [LOG] Angular is running in development mode. @ http://localhost:4200/@fs/E:/Work/AccSoft/Frontend/.angular/cache/17.3.17/vite/deps/chunk-KHB3FGJO.js?v=3f778262:17181
[ 8590561ms] [VERBOSE] [DOM] Input elements should have autocomplete attributes (suggested: "current-password"): (More info: https://goo.gl/9p2vKq) %o @ http://localhost:4200/login:0
[ 9158177ms] [LOG] [vite] server connection lost. Polling for restart... @ http://localhost:4200/@vite/client:553
[ 9158208ms] [ERROR] Failed to load resource: net::ERR_NETWORK_IO_SUSPENDED @ http://localhost:4200/:0
[ 9353392ms] [LOG] Angular is running in development mode. @ http://localhost:4200/@fs/E:/Work/AccSoft/Frontend/.angular/cache/17.3.17/vite/deps/chunk-KHB3FGJO.js?v=3f778262:17181
[ 9355385ms] [VERBOSE] [DOM] Input elements should have autocomplete attributes (suggested: "current-password"): (More info: https://goo.gl/9p2vKq) %o @ http://localhost:4200/login:0
[12247354ms] [LOG] [vite] server connection lost. Polling for restart... @ http://localhost:4200/@vite/client:553
[12247468ms] [ERROR] Failed to load resource: net::ERR_NETWORK_IO_SUSPENDED @ http://localhost:4200/:0
[12251632ms] [LOG] Angular is running in development mode. @ http://localhost:4200/@fs/E:/Work/AccSoft/Frontend/.angular/cache/17.3.17/vite/deps/chunk-KHB3FGJO.js?v=3f778262:17181
[12251799ms] [VERBOSE] [DOM] Input elements should have autocomplete attributes (suggested: "current-password"): (More info: https://goo.gl/9p2vKq) %o @ http://localhost:4200/login:0
[12291178ms] [LOG] [vite] server connection lost. Polling for restart... @ http://localhost:4200/@vite/client:553
[12408158ms] [ERROR] Failed to load resource: net::ERR_NETWORK_IO_SUSPENDED @ http://localhost:4200/:0
[12411965ms] [LOG] Angular is running in development mode. @ http://localhost:4200/@fs/E:/Work/AccSoft/Frontend/.angular/cache/17.3.17/vite/deps/chunk-KHB3FGJO.js?v=3f778262:17181
[12412210ms] [VERBOSE] [DOM] Input elements should have autocomplete attributes (suggested: "current-password"): (More info: https://goo.gl/9p2vKq) %o @ http://localhost:4200/login:0
[12413168ms] [LOG] [vite] server connection lost. Polling for restart... @ http://localhost:4200/@vite/client:553
[12413201ms] [ERROR] Failed to load resource: net::ERR_NETWORK_IO_SUSPENDED @ http://localhost:4200/:0
[18103713ms] [LOG] Angular is running in development mode. @ http://localhost:4200/@fs/E:/Work/AccSoft/Frontend/.angular/cache/17.3.17/vite/deps/chunk-KHB3FGJO.js?v=3f778262:17181
[18106802ms] [VERBOSE] [DOM] Input elements should have autocomplete attributes (suggested: "current-password"): (More info: https://goo.gl/9p2vKq) %o @ http://localhost:4200/login:0
[18528668ms] [LOG] Angular is running in development mode. @ http://localhost:4200/@fs/E:/Work/AccSoft/Frontend/.angular/cache/17.3.17/vite/deps/chunk-KHB3FGJO.js?v=3f778262:17181
[18528857ms] [VERBOSE] [DOM] Input elements should have autocomplete attributes (suggested: "current-password"): (More info: https://goo.gl/9p2vKq) %o @ http://localhost:4200/login:0
[18617296ms] [LOG] [vite] server connection lost. Polling for restart... @ http://localhost:4200/@vite/client:553
[18617323ms] [ERROR] Failed to load resource: net::ERR_NETWORK_IO_SUSPENDED @ http://localhost:4200/:0
[19138443ms] [LOG] Angular is running in development mode. @ http://localhost:4200/@fs/E:/Work/AccSoft/Frontend/.angular/cache/17.3.17/vite/deps/chunk-KHB3FGJO.js?v=3f778262:17181
[19138764ms] [VERBOSE] [DOM] Input elements should have autocomplete attributes (suggested: "current-password"): (More info: https://goo.gl/9p2vKq) %o @ http://localhost:4200/login:0
[19141395ms] [LOG] [vite] server connection lost. Polling for restart... @ http://localhost:4200/@vite/client:553
[19141416ms] [ERROR] Failed to load resource: net::ERR_NETWORK_IO_SUSPENDED @ http://localhost:4200/:0
[19446336ms] [LOG] Angular is running in development mode. @ http://localhost:4200/@fs/E:/Work/AccSoft/Frontend/.angular/cache/17.3.17/vite/deps/chunk-KHB3FGJO.js?v=3f778262:17181
[19446517ms] [VERBOSE] [DOM] Input elements should have autocomplete attributes (suggested: "current-password"): (More info: https://goo.gl/9p2vKq) %o @ http://localhost:4200/login:0
[19667695ms] [LOG] Angular is running in development mode. @ http://localhost:4200/@fs/E:/Work/AccSoft/Frontend/.angular/cache/17.3.17/vite/deps/chunk-KHB3FGJO.js?v=3f778262:17181
[19667834ms] [VERBOSE] [DOM] Input elements should have autocomplete attributes (suggested: "current-password"): (More info: https://goo.gl/9p2vKq) %o @ http://localhost:4200/login:0
[20886011ms] [LOG] [vite] server connection lost. Polling for restart... @ http://localhost:4200/@vite/client:553
[20886021ms] [ERROR] Failed to load resource: net::ERR_NETWORK_IO_SUSPENDED @ http://localhost:4200/:0
[21060699ms] [LOG] Angular is running in development mode. @ http://localhost:4200/@fs/E:/Work/AccSoft/Frontend/.angular/cache/17.3.17/vite/deps/chunk-KHB3FGJO.js?v=3f778262:17181
[21060981ms] [VERBOSE] [DOM] Input elements should have autocomplete attributes (suggested: "current-password"): (More info: https://goo.gl/9p2vKq) %o @ http://localhost:4200/login:0
[22002554ms] [LOG] [vite] server connection lost. Polling for restart... @ http://localhost:4200/@vite/client:553
[22002583ms] [ERROR] Failed to load resource: net::ERR_NETWORK_IO_SUSPENDED @ http://localhost:4200/:0
[22570713ms] [LOG] Angular is running in development mode. @ http://localhost:4200/@fs/E:/Work/AccSoft/Frontend/.angular/cache/17.3.17/vite/deps/chunk-KHB3FGJO.js?v=3f778262:17181
[22570947ms] [VERBOSE] [DOM] Input elements should have autocomplete attributes (suggested: "current-password"): (More info: https://goo.gl/9p2vKq) %o @ http://localhost:4200/login:0
[22967032ms] [LOG] Angular is running in development mode. @ http://localhost:4200/@fs/E:/Work/AccSoft/Frontend/.angular/cache/17.3.17/vite/deps/chunk-KHB3FGJO.js?v=3f778262:17181
[22967184ms] [VERBOSE] [DOM] Input elements should have autocomplete attributes (suggested: "current-password"): (More info: https://goo.gl/9p2vKq) %o @ http://localhost:4200/login:0
[23246034ms] [LOG] [vite] server connection lost. Polling for restart... @ http://localhost:4200/@vite/client:553
[23246066ms] [ERROR] Failed to load resource: net::ERR_NETWORK_IO_SUSPENDED @ http://localhost:4200/:0
[23546897ms] [LOG] Angular is running in development mode. @ http://localhost:4200/@fs/E:/Work/AccSoft/Frontend/.angular/cache/17.3.17/vite/deps/chunk-KHB3FGJO.js?v=3f778262:17181
[23547107ms] [VERBOSE] [DOM] Input elements should have autocomplete attributes (suggested: "current-password"): (More info: https://goo.gl/9p2vKq) %o @ http://localhost:4200/login:0
[23550199ms] [LOG] [vite] server connection lost. Polling for restart... @ http://localhost:4200/@vite/client:553
[27214783ms] [ERROR] Failed to load resource: net::ERR_NETWORK_IO_SUSPENDED @ http://localhost:4200/:0
[27224227ms] [LOG] Angular is running in development mode. @ http://localhost:4200/@fs/E:/Work/AccSoft/Frontend/.angular/cache/17.3.17/vite/deps/chunk-KHB3FGJO.js?v=3f778262:17181
[27225628ms] [VERBOSE] [DOM] Input elements should have autocomplete attributes (suggested: "current-password"): (More info: https://goo.gl/9p2vKq) %o @ http://localhost:4200/login:0
[27883654ms] [LOG] [vite] server connection lost. Polling for restart... @ http://localhost:4200/@vite/client:553
[27883675ms] [ERROR] Failed to load resource: net::ERR_NETWORK_IO_SUSPENDED @ http://localhost:4200/:0
[28971049ms] [LOG] Angular is running in development mode. @ http://localhost:4200/@fs/E:/Work/AccSoft/Frontend/.angular/cache/17.3.17/vite/deps/chunk-KHB3FGJO.js?v=3f778262:17181
[28971253ms] [VERBOSE] [DOM] Input elements should have autocomplete attributes (suggested: "current-password"): (More info: https://goo.gl/9p2vKq) %o @ http://localhost:4200/login:0
[28974452ms] [LOG] [vite] server connection lost. Polling for restart... @ http://localhost:4200/@vite/client:553
[28974471ms] [ERROR] Failed to load resource: net::ERR_NETWORK_IO_SUSPENDED @ http://localhost:4200/:0
[36990297ms] [LOG] Angular is running in development mode. @ http://localhost:4200/@fs/E:/Work/AccSoft/Frontend/.angular/cache/17.3.17/vite/deps/chunk-KHB3FGJO.js?v=3f778262:17181
[36990461ms] [VERBOSE] [DOM] Input elements should have autocomplete attributes (suggested: "current-password"): (More info: https://goo.gl/9p2vKq) %o @ http://localhost:4200/login:0
[37080377ms] [LOG] Angular is running in development mode. @ http://localhost:4200/@fs/E:/Work/AccSoft/Frontend/.angular/cache/17.3.17/vite/deps/chunk-KHB3FGJO.js?v=3f778262:17181
[37080537ms] [VERBOSE] [DOM] Input elements should have autocomplete attributes (suggested: "current-password"): (More info: https://goo.gl/9p2vKq) %o @ http://localhost:4200/login:0
[37111411ms] [LOG] Angular is running in development mode. @ http://localhost:4200/@fs/E:/Work/AccSoft/Frontend/.angular/cache/17.3.17/vite/deps/chunk-KHB3FGJO.js?v=3f778262:17181
[37111546ms] [VERBOSE] [DOM] Input elements should have autocomplete attributes (suggested: "current-password"): (More info: https://goo.gl/9p2vKq) %o @ http://localhost:4200/login:0
[38035432ms] [LOG] Angular is running in development mode. @ http://localhost:4200/@fs/E:/Work/AccSoft/Frontend/.angular/cache/17.3.17/vite/deps/chunk-KHB3FGJO.js?v=3f778262:17181
[38035588ms] [VERBOSE] [DOM] Input elements should have autocomplete attributes (suggested: "current-password"): (More info: https://goo.gl/9p2vKq) %o @ http://localhost:4200/login:0
[38037357ms] [LOG] Angular is running in development mode. @ http://localhost:4200/@fs/E:/Work/AccSoft/Frontend/.angular/cache/17.3.17/vite/deps/chunk-KHB3FGJO.js?v=3f778262:17181
[38037508ms] [VERBOSE] [DOM] Input elements should have autocomplete attributes (suggested: "current-password"): (More info: https://goo.gl/9p2vKq) %o @ http://localhost:4200/login:0
[38470017ms] [LOG] Angular is running in development mode. @ http://localhost:4200/@fs/E:/Work/AccSoft/Frontend/.angular/cache/17.3.17/vite/deps/chunk-KHB3FGJO.js?v=3f778262:17181
[38470171ms] [VERBOSE] [DOM] Input elements should have autocomplete attributes (suggested: "current-password"): (More info: https://goo.gl/9p2vKq) %o @ http://localhost:4200/login:0
[38471917ms] [LOG] Angular is running in development mode. @ http://localhost:4200/@fs/E:/Work/AccSoft/Frontend/.angular/cache/17.3.17/vite/deps/chunk-KHB3FGJO.js?v=3f778262:17181
[38472073ms] [VERBOSE] [DOM] Input elements should have autocomplete attributes (suggested: "current-password"): (More info: https://goo.gl/9p2vKq) %o @ http://localhost:4200/login:0
[39435288ms] [LOG] Angular is running in development mode. @ http://localhost:4200/@fs/E:/Work/AccSoft/Frontend/.angular/cache/17.3.17/vite/deps/chunk-KHB3FGJO.js?v=3f778262:17181
[39435439ms] [VERBOSE] [DOM] Input elements should have autocomplete attributes (suggested: "current-password"): (More info: https://goo.gl/9p2vKq) %o @ http://localhost:4200/login:0
[39467618ms] [LOG] Angular is running in development mode. @ http://localhost:4200/@fs/E:/Work/AccSoft/Frontend/.angular/cache/17.3.17/vite/deps/chunk-KHB3FGJO.js?v=3f778262:17181
[39467756ms] [VERBOSE] [DOM] Input elements should have autocomplete attributes (suggested: "current-password"): (More info: https://goo.gl/9p2vKq) %o @ http://localhost:4200/login:0
[39469366ms] [LOG] Angular is running in development mode. @ http://localhost:4200/@fs/E:/Work/AccSoft/Frontend/.angular/cache/17.3.17/vite/deps/chunk-KHB3FGJO.js?v=3f778262:17181
[39469506ms] [VERBOSE] [DOM] Input elements should have autocomplete attributes (suggested: "current-password"): (More info: https://goo.gl/9p2vKq) %o @ http://localhost:4200/login:0
[39471318ms] [LOG] Angular is running in development mode. @ http://localhost:4200/@fs/E:/Work/AccSoft/Frontend/.angular/cache/17.3.17/vite/deps/chunk-KHB3FGJO.js?v=3f778262:17181
[39471487ms] [VERBOSE] [DOM] Input elements should have autocomplete attributes (suggested: "current-password"): (More info: https://goo.gl/9p2vKq) %o @ http://localhost:4200/login:0
[39473387ms] [LOG] Angular is running in development mode. @ http://localhost:4200/@fs/E:/Work/AccSoft/Frontend/.angular/cache/17.3.17/vite/deps/chunk-KHB3FGJO.js?v=3f778262:17181
[39473555ms] [VERBOSE] [DOM] Input elements should have autocomplete attributes (suggested: "current-password"): (More info: https://goo.gl/9p2vKq) %o @ http://localhost:4200/login:0
[39500711ms] [LOG] Angular is running in development mode. @ http://localhost:4200/@fs/E:/Work/AccSoft/Frontend/.angular/cache/17.3.17/vite/deps/chunk-KHB3FGJO.js?v=3f778262:17181
[39500858ms] [VERBOSE] [DOM] Input elements should have autocomplete attributes (suggested: "current-password"): (More info: https://goo.gl/9p2vKq) %o @ http://localhost:4200/login:0
[39502307ms] [LOG] Angular is running in development mode. @ http://localhost:4200/@fs/E:/Work/AccSoft/Frontend/.angular/cache/17.3.17/vite/deps/chunk-KHB3FGJO.js?v=3f778262:17181
[39502473ms] [VERBOSE] [DOM] Input elements should have autocomplete attributes (suggested: "current-password"): (More info: https://goo.gl/9p2vKq) %o @ http://localhost:4200/login:0
[39504012ms] [LOG] Angular is running in development mode. @ http://localhost:4200/@fs/E:/Work/AccSoft/Frontend/.angular/cache/17.3.17/vite/deps/chunk-KHB3FGJO.js?v=3f778262:17181
[39504175ms] [VERBOSE] [DOM] Input elements should have autocomplete attributes (suggested: "current-password"): (More info: https://goo.gl/9p2vKq) %o @ http://localhost:4200/login:0
[39506012ms] [LOG] Angular is running in development mode. @ http://localhost:4200/@fs/E:/Work/AccSoft/Frontend/.angular/cache/17.3.17/vite/deps/chunk-KHB3FGJO.js?v=3f778262:17181
[39506157ms] [VERBOSE] [DOM] Input elements should have autocomplete attributes (suggested: "current-password"): (More info: https://goo.gl/9p2vKq) %o @ http://localhost:4200/login:0
[39535798ms] [LOG] Angular is running in development mode. @ http://localhost:4200/@fs/E:/Work/AccSoft/Frontend/.angular/cache/17.3.17/vite/deps/chunk-KHB3FGJO.js?v=3f778262:17181
[39535990ms] [VERBOSE] [DOM] Input elements should have autocomplete attributes (suggested: "current-password"): (More info: https://goo.gl/9p2vKq) %o @ http://localhost:4200/login:0
[39537472ms] [LOG] Angular is running in development mode. @ http://localhost:4200/@fs/E:/Work/AccSoft/Frontend/.angular/cache/17.3.17/vite/deps/chunk-KHB3FGJO.js?v=3f778262:17181
[39537623ms] [VERBOSE] [DOM] Input elements should have autocomplete attributes (suggested: "current-password"): (More info: https://goo.gl/9p2vKq) %o @ http://localhost:4200/login:0
[39539688ms] [LOG] Angular is running in development mode. @ http://localhost:4200/@fs/E:/Work/AccSoft/Frontend/.angular/cache/17.3.17/vite/deps/chunk-KHB3FGJO.js?v=3f778262:17181
[39539839ms] [VERBOSE] [DOM] Input elements should have autocomplete attributes (suggested: "current-password"): (More info: https://goo.gl/9p2vKq) %o @ http://localhost:4200/login:0
[39541637ms] [LOG] Angular is running in development mode. @ http://localhost:4200/@fs/E:/Work/AccSoft/Frontend/.angular/cache/17.3.17/vite/deps/chunk-KHB3FGJO.js?v=3f778262:17181
[39541807ms] [VERBOSE] [DOM] Input elements should have autocomplete attributes (suggested: "current-password"): (More info: https://goo.gl/9p2vKq) %o @ http://localhost:4200/login:0
[39568165ms] [LOG] Angular is running in development mode. @ http://localhost:4200/@fs/E:/Work/AccSoft/Frontend/.angular/cache/17.3.17/vite/deps/chunk-KHB3FGJO.js?v=3f778262:17181
[39568334ms] [VERBOSE] [DOM] Input elements should have autocomplete attributes (suggested: "current-password"): (More info: https://goo.gl/9p2vKq) %o @ http://localhost:4200/login:0
[40464727ms] [LOG] Angular is running in development mode. @ http://localhost:4200/@fs/E:/Work/AccSoft/Frontend/.angular/cache/17.3.17/vite/deps/chunk-KHB3FGJO.js?v=3f778262:17181
[40464893ms] [VERBOSE] [DOM] Input elements should have autocomplete attributes (suggested: "current-password"): (More info: https://goo.gl/9p2vKq) %o @ http://localhost:4200/login:0
[41272584ms] [LOG] Angular is running in development mode. @ http://localhost:4200/@fs/E:/Work/AccSoft/Frontend/.angular/cache/17.3.17/vite/deps/chunk-KHB3FGJO.js?v=3f778262:17181
[41272727ms] [VERBOSE] [DOM] Input elements should have autocomplete attributes (suggested: "current-password"): (More info: https://goo.gl/9p2vKq) %o @ http://localhost:4200/login:0
[41601000ms] [LOG] Angular is running in development mode. @ http://localhost:4200/@fs/E:/Work/AccSoft/Frontend/.angular/cache/17.3.17/vite/deps/chunk-KHB3FGJO.js?v=3f778262:17181
[41601149ms] [VERBOSE] [DOM] Input elements should have autocomplete attributes (suggested: "current-password"): (More info: https://goo.gl/9p2vKq) %o @ http://localhost:4200/login:0
[41603226ms] [LOG] Angular is running in development mode. @ http://localhost:4200/@fs/E:/Work/AccSoft/Frontend/.angular/cache/17.3.17/vite/deps/chunk-KHB3FGJO.js?v=3f778262:17181
[41603381ms] [VERBOSE] [DOM] Input elements should have autocomplete attributes (suggested: "current-password"): (More info: https://goo.gl/9p2vKq) %o @ http://localhost:4200/login:0
[41605232ms] [LOG] Angular is running in development mode. @ http://localhost:4200/@fs/E:/Work/AccSoft/Frontend/.angular/cache/17.3.17/vite/deps/chunk-KHB3FGJO.js?v=3f778262:17181
[41605381ms] [VERBOSE] [DOM] Input elements should have autocomplete attributes (suggested: "current-password"): (More info: https://goo.gl/9p2vKq) %o @ http://localhost:4200/login:0
[41689059ms] [LOG] Angular is running in development mode. @ http://localhost:4200/@fs/E:/Work/AccSoft/Frontend/.angular/cache/17.3.17/vite/deps/chunk-KHB3FGJO.js?v=3f778262:17181
[41689215ms] [VERBOSE] [DOM] Input elements should have autocomplete attributes (suggested: "current-password"): (More info: https://goo.gl/9p2vKq) %o @ http://localhost:4200/login:0
[41729043ms] [LOG] Angular is running in development mode. @ http://localhost:4200/@fs/E:/Work/AccSoft/Frontend/.angular/cache/17.3.17/vite/deps/chunk-KHB3FGJO.js?v=3f778262:17181
[41729200ms] [VERBOSE] [DOM] Input elements should have autocomplete attributes (suggested: "current-password"): (More info: https://goo.gl/9p2vKq) %o @ http://localhost:4200/login:0
